--------------------------------------------------------------------------------
Release 14.1 Trace  (nt)
Copyright (c) 1995-2012 Xilinx, Inc.  All rights reserved.

C:\Xilinx\14.1\ISE_DS\ISE\bin\nt\unwrapped\trce.exe -intstyle ise -v 3 -s 3 -n
3 -fastpaths -xml SumadorRestador.twx SumadorRestador.ncd -o
SumadorRestador.twr SumadorRestador.pcf

Design file:              SumadorRestador.ncd
Physical constraint file: SumadorRestador.pcf
Device,package,speed:     xc7a100t,csg324,C,-3 (ADVANCED 1.03 2012-04-23)
Report level:             verbose report

Environment Variable      Effect 
--------------------      ------ 
NONE                      No environment variables were set
--------------------------------------------------------------------------------

INFO:Timing:2698 - No timing constraints found, doing default enumeration.
INFO:Timing:3412 - To improve timing, see the Timing Closure User Guide (UG612).
INFO:Timing:2752 - To get complete path coverage, use the unconstrained paths 
   option. All paths that are not constrained will be reported in the 
   unconstrained paths section(s) of the report.
INFO:Timing:3339 - The clock-to-out numbers in this timing report are based on 
   a 50 Ohm transmission line loading model.  For the details of this model, 
   and for more information on accounting for different loading conditions, 
   please see the device datasheet.



Data Sheet report:
-----------------
All values displayed in nanoseconds (ns)

Pad to Pad
---------------+---------------+---------+
Source Pad     |Destination Pad|  Delay  |
---------------+---------------+---------+
a<0>           |cout           |    7.113|
a<0>           |s<0>           |    6.029|
a<0>           |s<1>           |    6.750|
a<0>           |s<2>           |    6.706|
a<0>           |s<3>           |    7.052|
a<1>           |cout           |    7.042|
a<1>           |s<1>           |    6.675|
a<1>           |s<2>           |    6.635|
a<1>           |s<3>           |    6.981|
a<2>           |cout           |    6.244|
a<2>           |s<2>           |    6.314|
a<2>           |s<3>           |    6.187|
a<3>           |cout           |    6.253|
a<3>           |s<3>           |    6.185|
b<0>           |cout           |    7.068|
b<0>           |s<0>           |    6.286|
b<0>           |s<1>           |    6.717|
b<0>           |s<2>           |    6.661|
b<0>           |s<3>           |    7.007|
b<1>           |cout           |    6.902|
b<1>           |s<1>           |    6.550|
b<1>           |s<2>           |    6.495|
b<1>           |s<3>           |    6.841|
b<2>           |cout           |    6.753|
b<2>           |s<2>           |    6.602|
b<2>           |s<3>           |    6.694|
b<3>           |cout           |    6.593|
b<3>           |s<3>           |    6.532|
cin            |cout           |    6.774|
cin            |s<1>           |    6.415|
cin            |s<2>           |    6.443|
cin            |s<3>           |    6.713|
---------------+---------------+---------+


Analysis completed Mon Feb 18 20:57:18 2019 
--------------------------------------------------------------------------------

Trace Settings:
-------------------------
Trace Settings 

Peak Memory Usage: 409 MB



